A51 MACRO ASSEMBLER  LAB4                                                                 02/12/2026 12:21:04 PAGE     1


MACRO ASSEMBLER A51 V8.02b
OBJECT MODULE PLACED IN lab4.OBJ
ASSEMBLER INVOKED BY: C:\Keil\C51\BIN\A51.EXE lab4.asm SET(SMALL) DEBUG EP

LOC  OBJ            LINE     SOURCE

0000                   1     ORG 0000H
                       2     
0000 754F09            3     MOV 4FH, #09H
0003 E54F              4     MOV A, 4FH
0005 FA                5     MOV R2, A
                       6     
0006 755000            7     MOV 50H, #00H
0009 755101            8     MOV 51H, #01H
                       9     
000C 7850             10     MOV R0, #50H
000E 7952             11     MOV R1, #52H
                      12     
0010 1A               13     DEC R2
0011 1A               14     DEC R2
                      15     
0012                  16     LOOP:
0012 E6               17             MOV A,@R0
0013 08               18             INC R0
0014 26               19             ADD A,@R0
0015 F7               20             MOV @R1,A
0016 09               21             INC R1
0017 DAF9             22             DJNZ R2, LOOP
                      23     END
A51 MACRO ASSEMBLER  LAB4                                                                 02/12/2026 12:21:04 PAGE     2

SYMBOL TABLE LISTING
------ ----- -------


N A M E             T Y P E  V A L U E   ATTRIBUTES

LOOP . . . . . . .  C ADDR   0012H   A   


REGISTER BANK(S) USED: 0 


ASSEMBLY COMPLETE.  0 WARNING(S), 0 ERROR(S)
