


ARM Macro Assembler    Page 1 


    1 00000000                 AREA             PROGRAM, CODE, READONLY
    2 00000000                 ENTRY
    3 00000000         MAIN
    4 00000000 E59F1000        LDR              R1, VALUE
    5 00000004 E1A03101        MOV              R3, R1, LSL #2
    6 00000008                 AREA             PROGRAM, DATA, READONLY
    7 00000008 3000F000 
                       VALUE   DCD              &3000F000
    8 0000000C                 END
Command Line: --debug --xref --bi --apcs=interwork --depend=lab8a.d -olab8a.o -
IC:\Keil\ARM\RV31\INC -IC:\Keil\ARM\CMSIS\Include --predefine="__EVAL SETA 1" -
-list=lab8a.lst lab8a.asm



ARM Macro Assembler    Page 1 Alphabetic symbol ordering
Relocatable symbols

MAIN 00000000

Symbol: MAIN
   Definitions
      At line 3 in file lab8a.asm
   Uses
      None
Comment: MAIN unused
PROGRAM 00000000

Symbol: PROGRAM
   Definitions
      At line 1 in file lab8a.asm
   Uses
      None
Comment: PROGRAM unused
VALUE 00000008

Symbol: VALUE
   Definitions
      At line 7 in file lab8a.asm
   Uses
      At line 4 in file lab8a.asm
Comment: VALUE used once
3 symbols
334 symbols in table
